node.exe : npm warn Unknown env config "devdir". This will stop working in the next major version of npm.
At line:1 char:1
+ & "C:\Program Files\nodejs/node.exe" "C:\Program Files\nodejs/node_mo ...
+ ~~~~~~~~~~~~~~~~~~~~~~~~~~~~~~~~~~~~~~~~~~~~~~~~~~~~~~~~~~~~~~~~~~~~~
    + CategoryInfo          : NotSpecified: (npm warn Unknow...version of npm.:String) [], RemoteException
    + FullyQualifiedErrorId : NativeCommandError
 

> deanversedigital@0.1.0 build
> next build

Γû▓ Next.js 16.2.9 (Turbopack)
- Environments: .env.local

ΓÜá The "middleware" file convention is deprecated. Please use "proxy" instead. Learn more: 
https://nextjs.org/docs/messages/middleware-to-proxy
  Creating an optimized production build ...
Γ£ô Compiled successfully in 5.3s
  Running TypeScript ...
  Finished TypeScript in 4.3s ...
  Collecting page data using 11 workers ...
  Generating static pages using 11 workers (0/43) ...
  Generating static pages using 11 workers (10/43) 
  Generating static pages using 11 workers (21/43) 
  Generating static pages using 11 workers (32/43) 
Γ£ô Generating static pages using 11 workers (43/43) in 608ms
  Finalizing page optimization ...

Route (app)                  Revalidate  Expire
Γöî ╞Æ /
Γö£ Γùï /_not-found
Γö£ Γùï /about                           1m      1y
Γö£ ╞Æ /admin
Γö£ ╞Æ /admin/analytics
Γö£ ╞Æ /admin/blog
Γö£ ╞Æ /admin/clients
Γö£ ╞Æ /admin/content
Γö£ ╞Æ /admin/leads
Γö£ ╞Æ /admin/media
Γö£ ╞Æ /admin/portfolio
Γö£ ╞Æ /admin/projects
Γö£ ╞Æ /admin/settings
Γö£ ╞Æ /admin/testimonials
Γö£ ╞Æ /admin/users
Γö£ ╞Æ /api/admin/analytics
Γö£ ╞Æ /api/admin/blog
Γö£ ╞Æ /api/admin/clients
Γö£ ╞Æ /api/admin/cms
Γö£ ╞Æ /api/admin/dashboard
Γö£ ╞Æ /api/admin/leads
Γö£ ╞Æ /api/admin/media
Γö£ ╞Æ /api/admin/portfolio
Γö£ ╞Æ /api/admin/projects
Γö£ ╞Æ /api/admin/testimonials
Γö£ ╞Æ /api/admin/users
Γö£ ╞Æ /api/analytics
Γö£ ╞Æ /api/leads
Γö£ ╞Æ /api/portal/files
Γö£ ╞Æ /api/portal/messages
Γö£ ╞Æ /auth/callback
Γö£ ╞Æ /blog
Γö£ ╞Æ /blog/[slug]
Γö£ Γùï /contact                         1m      1y
Γö£ Γùï /forgot-password
Γö£ Γùï /login
Γö£ ╞Æ /portal
Γö£ ╞Æ /portal/files
Γö£ ╞Æ /portal/invoices
Γö£ ╞Æ /portal/messages
Γö£ ╞Æ /portal/projects
Γö£ ╞Æ /portfolio
Γö£ ╞Æ /portfolio/[slug]
Γö£ Γùï /pricing                         1m      1y
Γö£ Γùï /register
Γö£ Γùï /reset-password
Γö£ Γùï /robots.txt
Γö£ Γùï /services                        1m      1y
Γö£ Γùï /sitemap.xml                     1h      1y
Γöö ╞Æ /testimonials


╞Æ Proxy (Middleware)

Γùï  (Static)   prerendered as static content
╞Æ  (Dynamic)  server-rendered on demand

